lp to@@ h of w@@ at pr@@ ado@@ o@@ ch@@ 实 作 是 一 个 极 大 的 僧@@ 人 ， 他们 通过 无限 的 努力 实现 了 启@@ 迪 的 终极 生活 。
ro@@ se@@ wood 画廊 为 我们 的 40,000 s / f show@@ room 中 的 40,000 s / f show@@ room 提供 了 大量 的 古董 座椅 、 家具 、 照明 、 镜子 和 装饰 配件 ， pa
华丽 罕见 的 旧 中国 水@@ 色@@ 画 , 签名 和 密封 由 东@@ 山 邦@@ 达 。
在 过去 五十 年 中 ， 中国 碎片 化 成 了 十 种 不同 的 国 ， 不断 与 另 一 个 国家 的 冲突 ， 又 形成 了 五 个 dy@@ n@@ ash@@ ed 的 快速 继承 ， 然后 折叠 起来 。
老 白@@ 玉 处理 ， 翻@@ 领 la@@ z@@ ul@@ i 雕刻 的 石头 尖@@ 顶@@ 饰 。
除了 她 的 con@@ 排序 王子 al@@ bert 外 ， 女王 维多利亚 在 一 个 未 公开 的 &quot; 亲密 &quot; 位置 有 一 个 小小 的 文@@ 身 ， 丹麦 的 王@@ fre@@ der@@ ick 被 fil@@ m 展示 了 他 的 t@@ at@@ to@@ os ， 作为 一 个 年轻 的 美 少女 。
从 那 一 天 起 ， gar@@ u@@ da 是 众@@ 神 的 盟友 ， 也 是 vi@@ sh@@ n@@ u 的 tru@@ ty 装载 ， 以及 他 在 每 一 次 机会 中 所 做 的 刺@@ 激@@ 性 敌人 。
赫@@ 鲁@@ 士 解释 说 , 钱 蔡@@ 书 的 作者 , 本 书 的 作者 , 链接 y@@ u@@ da 的 链接 , 是 因为 他们 的 中国 名字 中 的 同@@ 质@@ 学 。
在 这 次 映像 中 拥有 四 台 武器 的 eagle 的 一 个 名为 gar@@ u@@ da 的 eagle vi@@ d@@ n@@ u sw@@ op ， 其中 两 个 将 包含 可能 包含 im@@ pl@@ ant of im@@ 死亡率 的 船只 。
7 t@@ all 的 旧 收藏 ， 带 非常 淡@@ 淡 的 方@@ 排 密封 艺术家 标记 上@@ 上 后 和 一流 细节 的 $prodspec c 风格 与 精确 的 年龄 未 确定 。
